// Jest Snapshot v1, https://goo.gl/fbAQLP

exports[`<HeaderBar /> Does not explode 1`] = `
<View
  style={
    Array [
      Object {},
      Object {
        "backgroundColor": "#36505d",
      },
    ]
  }
>
  <View
    style={
      Array [
        Object {
          "height": 20,
        },
        Object {
          "backgroundColor": "#36505d",
        },
      ]
    }
  />
  <View
    style={
      Array [
        Object {
          "display": "flex",
          "flexDirection": "row",
          "flexGrow": 1,
          "justifyContent": "space-between",
          "paddingBottom": 12,
          "paddingTop": 12,
        },
        Object {
          "backgroundColor": "#36505d",
        },
      ]
    }
  >
    <View
      style={
        Object {
          "alignItems": "flex-start",
          "justifyContent": "center",
          "paddingLeft": 6,
          "width": 250,
        }
      }
    >
      <RNGestureHandlerButton
        collapsable={false}
        onGestureEvent={[Function]}
        onGestureHandlerEvent={[Function]}
        onGestureHandlerStateChange={[Function]}
        onHandlerStateChange={[Function]}
        rippleColor={0}
        testID="back"
      >
        <View
          accessible={true}
          style={
            Object {
              "display": "flex",
              "flexDirection": "row",
              "opacity": 1,
            }
          }
        >
          <Text
            allowFontScaling={false}
            style={
              Array [
                Object {
                  "color": "#eaedef",
                  "fontSize": 16,
                },
                undefined,
                Object {
                  "fontFamily": "Entypo",
                  "fontStyle": "normal",
                  "fontWeight": "normal",
                },
                Object {},
              ]
            }
          >
            ï…‚
          </Text>
          <Text
            style={
              Object {
                "color": "#eaedef",
                "fontSize": 18,
                "lineHeight": 18,
              }
            }
          >
            Back
          </Text>
        </View>
      </RNGestureHandlerButton>
    </View>
    <View
      style={
        Object {
          "alignItems": "center",
          "backgroundColor": "#36505d",
          "justifyContent": "center",
          "width": 250,
        }
      }
    >
      <Text
        ellipsizeMode="tail"
        numberOfLines={1}
        style={
          Object {
            "color": "#eaedef",
            "fontSize": 18,
            "lineHeight": 18,
          }
        }
      >
        test
      </Text>
    </View>
    <View
      style={
        Object {
          "alignItems": "flex-end",
          "justifyContent": "center",
          "paddingRight": 6,
          "width": 250,
        }
      }
    />
  </View>
</View>
`;
