// Jest Snapshot v1, https://goo.gl/fbAQLP

exports[`<CustomStatusBar /> Does not explode 1`] = `
<View
  style={
    Array [
      Object {
        "height": 20,
      },
      Object {
        "backgroundColor": "#000",
      },
    ]
  }
/>
`;
